=======================================================
  ☯  玄机小筑  ☯
  AI道长占卜 · 本地Web服务
=======================================================
  局域网地址: http://192.168.100.112:9090
  本地地址:   http://127.0.0.1:9090
  道长:       凤年真人
=======================================================
█████████████████████████████
██ ▄▄▄▄▄ █▀ ▀▄█▀ █▄█ ▄▄▄▄▄ ██
██ █   █ █ ▀▄▀█ ▄ ██ █   █ ██
██ █▄▄▄█ ███ ▄▀▄▄▄▀█ █▄▄▄█ ██
██▄▄▄▄▄▄▄█ █▄█▄▀▄▀▄█▄▄▄▄▄▄▄██
██ ▀█▀█▀▄█▄█▀  ▄▀▀   ▀▀   ███
██▀ ▄ ▀█▄ ▄▄▀████▄█ █▀▄ █▄ ██
██▀▀▀▀█▀▄▀▀█▄█▀█▄▄▄ █▄▄██▀▄██
██ ██▄▀█▄▀█▄▀█▀█  █▀ █ ▄▀▄ ██
██▄█▄▄██▄▄▀▀██▄██▄ ▄▄▄ ▄▄████
██ ▄▄▄▄▄ ██▀▀▀▄▄▄  █▄█ ▄ █ ██
██ █   █ ███ ▄▀▀▀█▄▄▄ ▄▀▄▄ ██
██ █▄▄▄█ ██▀▄█▀ ▄█ ▄   ▀ █ ██
██▄▄▄▄▄▄▄█▄█▄▄▄▄██▄█▄█▄▄██▄██
▀▀▀▀▀▀▀▀▀▀▀▀▀▀▀▀▀▀▀▀▀▀▀▀▀▀▀▀▀

  按 Ctrl+C 停止服务
=======================================================
 * Serving Flask app 'app'
 * Debug mode: off
WARNING: This is a development server. Do not use it in a production deployment. Use a production WSGI server instead.
 * Running on all addresses (0.0.0.0)
 * Running on http://127.0.0.1:9090
 * Running on http://192.168.100.112:9090
Press CTRL+C to quit
127.0.0.1 - - [18/Jun/2026 22:47:25] "GET / HTTP/1.1" 200 -
